.next/dev/types/validator.ts(85,1): error TS1128: Declaration or statement expected.
