
> osun-fa@0.1.0 build
> next build

Γû▓ Next.js 16.1.6 (Turbopack)
- Environments: .env

node.exe : ΓÜá The "middleware" file convention is deprecated. Please use "proxy" instead. Learn more: 
https://nextjs.org/docs/messages/middleware-to-proxy
At C:\Program Files\nodejs\npm.ps1:29 char:3
+   & $NODE_EXE $NPM_CLI_JS $args
+   ~~~~~~~~~~~~~~~~~~~~~~~~~~~~~
    + CategoryInfo          : NotSpecified: (ΓÜá The "middle...leware-to-proxy:String) [], RemoteException
    + FullyQualifiedErrorId : NativeCommandError
 
  Creating an optimized production build ...
Γ£ô Compiled successfully in 21.2s
  Running TypeScript ...
Failed to compile.

./src/components/forms/RefereeForm.tsx:117:100
Type error: Type 'string | FieldError | Merge<FieldError, FieldErrorsImpl<any>> | undefined' is not assignable to type 
'ReactNode'.
  Type 'FieldError' is not assignable to type 'ReactNode'.
    Type 'FieldError' is missing the following properties from type 'ReactPortal': children, props, key

[0m [90m 115 |[39m                             [33m/[39m[33m>[39m
 [90m 116 |[39m                         [33m<[39m[33m/[39m[33mdiv[39m[33m>[39m
[31m[1m>[22m[39m[90m 117 |[39m                         {errors[33m.[39mpassportPhotograph [33m&&[39m 
[33m<[39m[33mp[39m className[33m=[39m{errorClass [33m+[39m [32m" relative mt-1"[39m}[33m>[39m{errors[33m.
[39mpassportPhotograph[33m.[39mmessage}[33m<[39m[33m/[39m[33mp[39m[33m>[39m}
 [90m     |[39m                                                                                                    
[31m[1m^[22m[39m
 [90m 118 |[39m                     [33m<[39m[33m/[39m[33mdiv[39m[33m>[39m
 [90m 119 |[39m
 [90m 120 |[39m                     [33m<[39m[33mdiv[39m className[33m=[39m[32m"grid grid-cols-1 
md:grid-cols-2 gap-6 pb-4"[39m[33m>[39m[0m
Next.js build worker exited with code: 1 and signal: null
